04:49:27 INFO    motor: 하드웨어 PWM 사용 (/sys/class/pwm/pwmchip0, 채널 0/1, 주기 20000us), 비상정지 없음
04:49:27 INFO    app: 시작: detect=ssd motor=syspwm rtsp=rtsp://127.0.0.1:8554/cam
04:49:32 INFO    app: 4.3 fps | 타겟 없음 | pan=0.0 tilt=0.0
04:49:37 INFO    app: 4.4 fps | 타겟 없음 | pan=0.0 tilt=0.0
04:49:38 DEBUG   detector: DET  box=(0,185,43,54)  검출 1개
04:49:38 DEBUG   tracker: box=(22,212)/320x240  err=(-0.87,-0.77)  ff=(+0.0,+0.0)  d=(-4.0,-4.0)  now=(+0.0,+0.0)
04:49:38 DEBUG   detector: trk  box=(0,185,43,54)  이동=(+0,+0)  n=1
04:49:38 DEBUG   tracker: box=(22,212)/320x240  err=(-0.71,-0.56)  ff=(-3.8,-3.8)  d=(-4.0,-4.0)  now=(-4.0,-4.0)
04:49:38 DEBUG   detector: trk  box=(0,186,42,54)  이동=(-0,+1)  n=2
04:49:38 DEBUG   tracker: box=(21,213)/320x240  err=(-0.58,-0.39)  ff=(-7.2,-7.2)  d=(-4.0,-4.0)  now=(-8.0,-8.0)
04:49:39 DEBUG   detector: DET  box=(51,98,100,140)  검출 1개
04:49:39 DEBUG   tracker: box=(101,168)/320x240  err=(-0.37,-0.40)  ff=(+0.0,+0.0)  d=(-4.0,-4.0)  now=(-12.0,-12.0)
04:49:39 DEBUG   detector: trk  box=(51,98,100,140)  이동=(+0,+0)  n=1
04:49:39 DEBUG   tracker: box=(101,168)/320x240  err=(-0.22,-0.20)  ff=(-3.8,-3.8)  d=(-3.9,-2.8)  now=(-16.0,-16.0)
04:49:39 DEBUG   detector: trk  box=(53,84,100,140)  이동=(+2,-14)  n=2
04:49:39 DEBUG   tracker: box=(103,154)/320x240  err=(-0.13,-0.03)  ff=(-5.6,-4.8)  d=(-1.9,+0.0)  now=(-19.9,-18.8)
04:49:39 DEBUG   detector: DET  box=(113,56,106,183)  검출 1개
04:49:39 DEBUG   tracker: box=(166,148)/320x240  err=(+0.04,-0.23)  ff=(+0.0,+0.0)  d=(+0.0,-2.2)  now=(-21.8,-18.8)
04:49:39 DEBUG   detector: trk  box=(113,56,106,183)  이동=(+0,+0)  n=1
04:49:39 DEBUG   tracker: box=(166,148)/320x240  err=(+0.04,-0.13)  ff=(+0.0,-1.9)  d=(+0.0,-1.8)  now=(-21.8,-20.9)
04:49:39 DEBUG   detector: trk  box=(111,43,106,183)  이동=(-2,-13)  n=2
04:49:39 DEBUG   tracker: box=(164,134)/320x240  err=(+0.03,-0.00)  ff=(+0.0,-2.2)  d=(+0.0,+0.0)  now=(-21.8,-22.7)
04:49:39 DEBUG   detector: trk  box=(109,26,106,183)  이동=(-2,-17)  n=3
04:49:39 DEBUG   tracker: box=(162,118)/320x240  err=(+0.01,+0.07)  ff=(+0.0,-0.9)  d=(+0.0,+0.0)  now=(-21.8,-22.7)
04:49:40 DEBUG   detector: trk  box=(109,21,106,183)  이동=(+0,-5)  n=4
04:49:40 DEBUG   tracker: box=(162,112)/320x240  err=(+0.01,+0.06)  ff=(+0.0,+0.0)  d=(+0.0,+0.0)  now=(-21.8,-22.7)
04:49:40 DEBUG   detector: trk  box=(109,18,106,183)  이동=(+0,-3)  n=5
04:49:40 DEBUG   tracker: box=(162,110)/320x240  err=(+0.01,+0.09)  ff=(+0.0,+0.0)  d=(+0.0,+0.0)  now=(-21.8,-22.7)
04:49:40 DEBUG   detector: DET  box=(120,11,115,228)  검출 1개
04:49:40 DEBUG   tracker: box=(178,125)/320x240  err=(+0.11,-0.04)  ff=(+0.0,+0.0)  d=(+0.0,+0.0)  now=(-21.8,-22.7)
04:49:40 DEBUG   detector: trk  box=(120,11,115,228)  이동=(+0,+0)  n=1
04:49:40 DEBUG   tracker: box=(178,125)/320x240  err=(+0.11,-0.04)  ff=(+0.0,+0.0)  d=(+0.0,+0.0)  now=(-21.8,-22.7)
04:49:40 DEBUG   detector: trk  box=(119,11,115,228)  이동=(-1,+0)  n=2
04:49:40 DEBUG   tracker: box=(176,125)/320x240  err=(+0.10,-0.04)  ff=(+0.0,+0.0)  d=(+0.0,+0.0)  now=(-21.8,-22.7)
04:49:40 DEBUG   detector: trk  box=(120,11,115,228)  이동=(+1,+0)  n=3
04:49:40 DEBUG   tracker: box=(178,125)/320x240  err=(+0.11,-0.04)  ff=(+0.0,+0.0)  d=(+0.0,+0.0)  now=(-21.8,-22.7)
04:49:40 DEBUG   detector: trk  box=(119,11,115,228)  이동=(-1,+0)  n=4
04:49:40 DEBUG   tracker: box=(176,125)/320x240  err=(+0.10,-0.04)  ff=(+0.0,+0.0)  d=(+0.0,+0.0)  now=(-21.8,-22.7)
04:49:41 DEBUG   detector: trk  box=(118,11,115,228)  이동=(-1,+0)  n=5
04:49:41 DEBUG   tracker: box=(176,125)/320x240  err=(+0.10,-0.04)  ff=(+0.0,+0.0)  d=(+0.0,+0.0)  now=(-21.8,-22.7)
04:49:41 DEBUG   detector: DET  box=(119,12,115,227)  검출 1개
04:49:41 DEBUG   tracker: box=(176,126)/320x240  err=(+0.10,-0.05)  ff=(+0.0,+0.0)  d=(+0.0,+0.0)  now=(-21.8,-22.7)
04:49:41 DEBUG   detector: trk  box=(119,12,115,227)  이동=(+0,+0)  n=1
04:49:41 DEBUG   tracker: box=(176,126)/320x240  err=(+0.10,-0.05)  ff=(+0.0,+0.0)  d=(+0.0,+0.0)  now=(-21.8,-22.7)
04:49:41 DEBUG   detector: trk  box=(118,13,115,227)  이동=(-1,+1)  n=2
04:49:41 DEBUG   tracker: box=(176,126)/320x240  err=(+0.10,-0.05)  ff=(+0.0,+0.0)  d=(+0.0,+0.0)  now=(-21.8,-22.7)
04:49:41 DEBUG   detector: trk  box=(119,12,115,227)  이동=(+1,-1)  n=3
04:49:41 DEBUG   tracker: box=(176,126)/320x240  err=(+0.10,-0.05)  ff=(+0.0,+0.0)  d=(+0.0,+0.0)  now=(-21.8,-22.7)
04:49:41 DEBUG   detector: trk  box=(118,13,115,227)  이동=(-1,+1)  n=4
04:49:41 DEBUG   tracker: box=(176,126)/320x240  err=(+0.10,-0.05)  ff=(+0.0,+0.0)  d=(+0.0,+0.0)  now=(-21.8,-22.7)
04:49:42 DEBUG   detector: trk  box=(119,12,115,227)  이동=(+1,-1)  n=5
04:49:42 DEBUG   tracker: box=(176,126)/320x240  err=(+0.10,-0.05)  ff=(+0.0,+0.0)  d=(+0.0,+0.0)  now=(-21.8,-22.7)
04:49:42 DEBUG   detector: DET  box=(117,12,118,227)  검출 1개
04:49:42 DEBUG   tracker: box=(176,126)/320x240  err=(+0.10,-0.05)  ff=(+0.0,+0.0)  d=(+0.0,+0.0)  now=(-21.8,-22.7)
04:49:42 DEBUG   detector: trk  box=(117,12,118,227)  이동=(+0,+0)  n=1
04:49:42 DEBUG   tracker: box=(176,126)/320x240  err=(+0.10,-0.05)  ff=(+0.0,+0.0)  d=(+0.0,+0.0)  now=(-21.8,-22.7)
04:49:42 DEBUG   detector: trk  box=(117,13,118,227)  이동=(+0,+1)  n=2
04:49:42 DEBUG   tracker: box=(176,126)/320x240  err=(+0.10,-0.05)  ff=(+0.0,+0.0)  d=(+0.0,+0.0)  now=(-21.8,-22.7)
04:49:42 DEBUG   detector: trk  box=(117,12,118,227)  이동=(+0,-1)  n=3
04:49:42 DEBUG   tracker: box=(176,126)/320x240  err=(+0.10,-0.05)  ff=(+0.0,+0.0)  d=(+0.0,+0.0)  now=(-21.8,-22.7)
04:49:42 DEBUG   detector: trk  box=(117,13,118,227)  이동=(+0,+1)  n=4
04:49:42 DEBUG   tracker: box=(176,126)/320x240  err=(+0.10,-0.05)  ff=(+0.0,+0.0)  d=(+0.0,+0.0)  now=(-21.8,-22.7)
04:49:42 DEBUG   detector: trk  box=(117,12,118,227)  이동=(+0,-1)  n=5
04:49:42 DEBUG   tracker: box=(176,126)/320x240  err=(+0.10,-0.05)  ff=(+0.0,+0.0)  d=(+0.0,+0.0)  now=(-21.8,-22.7)
04:49:42 INFO    app: 6.7 fps | 타겟 있음 | pan=-21.8 tilt=-22.7
04:49:43 DEBUG   detector: DET  box=(118,11,116,228)  검출 1개
04:49:43 DEBUG   tracker: box=(176,125)/320x240  err=(+0.10,-0.04)  ff=(+0.0,+0.0)  d=(+0.0,+0.0)  now=(-21.8,-22.7)
04:49:43 DEBUG   detector: trk  box=(118,11,116,228)  이동=(+0,+0)  n=1
04:49:43 DEBUG   tracker: box=(176,125)/320x240  err=(+0.10,-0.04)  ff=(+0.0,+0.0)  d=(+0.0,+0.0)  now=(-21.8,-22.7)
04:49:43 DEBUG   detector: trk  box=(120,11,116,228)  이동=(+2,+0)  n=2
04:49:43 DEBUG   tracker: box=(178,125)/320x240  err=(+0.11,-0.04)  ff=(+0.0,+0.0)  d=(+0.0,+0.0)  now=(-21.8,-22.7)
04:49:43 DEBUG   detector: trk  box=(120,9,116,228)  이동=(+0,-2)  n=3
04:49:43 DEBUG   tracker: box=(178,123)/320x240  err=(+0.11,-0.03)  ff=(+0.0,+0.0)  d=(+0.0,+0.0)  now=(-21.8,-22.7)
04:49:43 DEBUG   detector: trk  box=(124,3,116,228)  이동=(+4,-6)  n=4
04:49:43 DEBUG   tracker: box=(182,117)/320x240  err=(+0.14,+0.03)  ff=(+0.0,+0.0)  d=(+2.8,+0.0)  now=(-21.8,-22.7)
04:49:43 DEBUG   detector: trk  box=(126,3,116,228)  이동=(+2,+0)  n=5
04:49:43 DEBUG   tracker: box=(184,117)/320x240  err=(+0.09,+0.03)  ff=(+1.5,+0.0)  d=(+0.0,+0.0)  now=(-19.0,-22.7)
04:49:43 DEBUG   detector: DET  box=(147,10,127,228)  검출 1개
04:49:43 DEBUG   tracker: box=(210,124)/320x240  err=(+0.32,-0.03)  ff=(+0.0,+0.0)  d=(+4.0,+0.0)  now=(-19.0,-22.7)
04:49:44 DEBUG   detector: trk  box=(147,10,127,228)  이동=(+0,+0)  n=1
04:49:44 DEBUG   tracker: box=(210,124)/320x240  err=(+0.21,-0.03)  ff=(+2.7,+0.0)  d=(+3.7,+0.0)  now=(-15.0,-22.7)
04:49:44 DEBUG   detector: trk  box=(166,2,127,228)  이동=(+19,-8)  n=2
04:49:44 DEBUG   tracker: box=(230,116)/320x240  err=(+0.34,+0.03)  ff=(+2.4,+0.0)  d=(+4.0,+0.0)  now=(-11.2,-22.7)
04:49:44 DEBUG   detector: DET  box=(169,0,132,239)  검출 1개
04:49:44 DEBUG   tracker: box=(235,120)/320x240  err=(+0.47,+0.00)  ff=(+0.0,+0.0)  d=(+4.0,+0.0)  now=(-7.2,-22.7)
04:49:44 DEBUG   detector: trk  box=(169,0,132,239)  이동=(+0,+0)  n=1
04:49:44 DEBUG   tracker: box=(235,120)/320x240  err=(+0.36,+0.00)  ff=(+2.8,+0.0)  d=(+4.0,+0.0)  now=(-3.2,-22.7)
04:49:44 DEBUG   detector: trk  box=(165,0,132,238)  이동=(-4,-0)  n=2
04:49:44 DEBUG   tracker: box=(231,119)/320x240  err=(+0.34,+0.01)  ff=(+2.7,+0.0)  d=(+4.0,+0.0)  now=(+0.8,-22.7)
04:49:44 DEBUG   detector: trk  box=(129,10,132,230)  이동=(-36,+6)  n=3
04:49:44 DEBUG   tracker: box=(195,125)/320x240  err=(+0.14,-0.04)  ff=(+2.0,+0.0)  d=(-1.9,+0.0)  now=(+4.8,-22.7)
04:49:45 DEBUG   detector: trk  box=(99,17,132,223)  이동=(-30,+4)  n=4
04:49:45 DEBUG   tracker: box=(165,128)/320x240  err=(+0.07,-0.07)  ff=(-1.0,+0.0)  d=(+0.0,+0.0)  now=(+2.8,-22.7)
04:49:45 DEBUG   detector: trk  box=(85,20,132,220)  이동=(-14,+2)  n=5
04:49:45 DEBUG   tracker: box=(151,130)/320x240  err=(-0.06,-0.08)  ff=(+0.0,+0.0)  d=(+0.0,+0.0)  now=(+2.8,-22.7)
04:49:45 DEBUG   detector: DET  box=(57,20,126,219)  검출 1개
04:49:45 DEBUG   tracker: box=(120,130)/320x240  err=(-0.25,-0.08)  ff=(+0.0,+0.0)  d=(-4.0,+0.0)  now=(+2.8,-22.7)
04:49:45 DEBUG   detector: trk  box=(57,20,126,219)  이동=(+0,+0)  n=1
04:49:45 DEBUG   tracker: box=(120,130)/320x240  err=(-0.12,-0.08)  ff=(-3.3,+0.0)  d=(+0.0,+0.0)  now=(-1.2,-22.7)
04:49:45 DEBUG   detector: trk  box=(73,15,126,219)  이동=(+16,-5)  n=2
04:49:45 DEBUG   tracker: box=(136,124)/320x240  err=(-0.09,-0.04)  ff=(-1.5,+0.0)  d=(+0.0,+0.0)  now=(-1.2,-22.7)
04:49:45 DEBUG   detector: trk  box=(83,12,126,219)  이동=(+10,-3)  n=3
04:49:45 DEBUG   tracker: box=(146,122)/320x240  err=(-0.08,-0.01)  ff=(-0.2,+0.0)  d=(+0.0,+0.0)  now=(-1.2,-22.7)
04:49:45 DEBUG   detector: trk  box=(85,13,126,219)  이동=(+2,+1)  n=4
04:49:45 DEBUG   tracker: box=(148,122)/320x240  err=(-0.07,-0.02)  ff=(+0.0,+0.0)  d=(+0.0,+0.0)  now=(-1.2,-22.7)
04:49:45 DEBUG   detector: trk  box=(91,12,126,219)  이동=(+6,-1)  n=5
04:49:45 DEBUG   tracker: box=(154,122)/320x240  err=(-0.04,-0.01)  ff=(+0.0,+0.0)  d=(+0.0,+0.0)  now=(-1.2,-22.7)
04:49:46 DEBUG   detector: DET  box=(122,3,125,236)  검출 1개
04:49:46 DEBUG   tracker: box=(184,121)/320x240  err=(+0.15,-0.01)  ff=(+0.0,+0.0)  d=(+4.0,+0.0)  now=(-1.2,-22.7)
04:49:46 DEBUG   detector: trk  box=(122,3,125,236)  이동=(+0,+0)  n=1
04:49:46 DEBUG   tracker: box=(184,121)/320x240  err=(+0.02,-0.01)  ff=(+3.4,+0.0)  d=(+0.0,+0.0)  now=(+2.8,-22.7)
04:49:46 DEBUG   detector: trk  box=(119,1,125,236)  이동=(-3,-2)  n=2
04:49:46 DEBUG   tracker: box=(182,119)/320x240  err=(+0.07,+0.01)  ff=(+1.7,+0.0)  d=(+0.0,+0.0)  now=(+2.8,-22.7)
04:49:46 DEBUG   detector: trk  box=(116,0,125,235)  이동=(-3,-2)  n=3
04:49:46 DEBUG   tracker: box=(178,118)/320x240  err=(+0.12,+0.02)  ff=(+0.0,+0.0)  d=(+0.0,+0.0)  now=(+2.8,-22.7)
04:49:46 DEBUG   detector: trk  box=(115,0,125,235)  이동=(-1,+0)  n=4
04:49:46 DEBUG   tracker: box=(178,118)/320x240  err=(+0.11,+0.02)  ff=(+0.0,+0.0)  d=(+0.0,+0.0)  now=(+2.8,-22.7)
04:49:46 DEBUG   detector: trk  box=(114,1,125,236)  이동=(-1,+2)  n=5
04:49:46 DEBUG   tracker: box=(176,119)/320x240  err=(+0.10,+0.01)  ff=(+0.0,+0.0)  d=(+0.0,+0.0)  now=(+2.8,-22.7)
04:49:47 DEBUG   detector: DET  box=(157,0,118,236)  검출 1개
04:49:47 DEBUG   tracker: box=(216,118)/320x240  err=(+0.35,+0.02)  ff=(+0.0,+0.0)  d=(+4.0,+0.0)  now=(+2.8,-22.7)
04:49:47 DEBUG   detector: trk  box=(157,0,118,236)  이동=(+0,+0)  n=1
04:49:47 DEBUG   tracker: box=(216,118)/320x240  err=(+0.23,+0.02)  ff=(+3.1,+0.0)  d=(+4.0,+0.0)  now=(+6.8,-22.7)
04:49:47 DEBUG   detector: trk  box=(133,6,118,234)  이동=(-24,+5)  n=2
04:49:47 DEBUG   tracker: box=(192,123)/320x240  err=(+0.08,-0.03)  ff=(+2.9,+0.0)  d=(+0.0,+0.0)  now=(+10.8,-22.7)
04:49:47 DEBUG   detector: trk  box=(107,16,118,224)  이동=(-26,+5)  n=3
04:49:47 DEBUG   tracker: box=(166,128)/320x240  err=(+0.01,-0.07)  ff=(+0.6,+0.0)  d=(+0.0,+0.0)  now=(+10.8,-22.7)
04:49:47 DEBUG   detector: trk  box=(103,16,118,224)  이동=(-4,+0)  n=4
04:49:47 DEBUG   tracker: box=(162,128)/320x240  err=(+0.01,-0.07)  ff=(+0.0,+0.0)  d=(+0.0,+0.0)  now=(+10.8,-22.7)
04:49:47 DEBUG   detector: trk  box=(101,16,118,224)  이동=(-2,+0)  n=5
04:49:47 DEBUG   tracker: box=(160,128)/320x240  err=(+0.00,-0.07)  ff=(+0.0,+0.0)  d=(+0.0,+0.0)  now=(+10.8,-22.7)
04:49:47 DEBUG   detector: DET  box=(94,4,113,235)  검출 1개
04:49:47 DEBUG   tracker: box=(150,122)/320x240  err=(-0.06,-0.01)  ff=(+0.0,+0.0)  d=(+0.0,+0.0)  now=(+10.8,-22.7)
04:49:47 DEBUG   detector: trk  box=(94,4,113,235)  이동=(+0,+0)  n=1
04:49:47 DEBUG   tracker: box=(150,122)/320x240  err=(-0.06,-0.01)  ff=(+0.0,+0.0)  d=(+0.0,+0.0)  now=(+10.8,-22.7)
04:49:47 INFO    app: 6.9 fps | 타겟 있음 | pan=10.8 tilt=-22.7
04:49:48 DEBUG   detector: trk  box=(95,3,113,235)  이동=(+1,-1)  n=2
04:49:48 DEBUG   tracker: box=(152,120)/320x240  err=(-0.05,-0.00)  ff=(+0.0,+0.0)  d=(+0.0,+0.0)  now=(+10.8,-22.7)
04:49:48 DEBUG   detector: trk  box=(96,2,113,235)  이동=(+1,-1)  n=3
04:49:48 DEBUG   tracker: box=(152,120)/320x240  err=(-0.05,+0.00)  ff=(+0.0,+0.0)  d=(+0.0,+0.0)  now=(+10.8,-22.7)
04:49:48 DEBUG   detector: trk  box=(95,3,113,235)  이동=(-1,+1)  n=4
04:49:48 DEBUG   tracker: box=(152,120)/320x240  err=(-0.05,-0.00)  ff=(+0.0,+0.0)  d=(+0.0,+0.0)  now=(+10.8,-22.7)
04:49:48 DEBUG   detector: trk  box=(96,2,113,235)  이동=(+1,-1)  n=5
04:49:48 DEBUG   tracker: box=(152,120)/320x240  err=(-0.05,+0.00)  ff=(+0.0,+0.0)  d=(+0.0,+0.0)  now=(+10.8,-22.7)
04:49:48 DEBUG   detector: DET  box=(92,5,116,234)  검출 1개
04:49:48 DEBUG   tracker: box=(150,122)/320x240  err=(-0.06,-0.02)  ff=(+0.0,+0.0)  d=(+0.0,+0.0)  now=(+10.8,-22.7)
04:49:48 DEBUG   detector: trk  box=(92,5,116,234)  이동=(+0,+0)  n=1
04:49:48 DEBUG   tracker: box=(150,122)/320x240  err=(-0.06,-0.02)  ff=(+0.0,+0.0)  d=(+0.0,+0.0)  now=(+10.8,-22.7)
04:49:48 DEBUG   detector: trk  box=(92,5,116,234)  이동=(+0,+0)  n=2
04:49:48 DEBUG   tracker: box=(150,122)/320x240  err=(-0.06,-0.02)  ff=(+0.0,+0.0)  d=(+0.0,+0.0)  now=(+10.8,-22.7)
04:49:49 DEBUG   detector: trk  box=(92,5,116,234)  이동=(+0,+0)  n=3
04:49:49 DEBUG   tracker: box=(150,122)/320x240  err=(-0.06,-0.02)  ff=(+0.0,+0.0)  d=(+0.0,+0.0)  now=(+10.8,-22.7)
04:49:49 DEBUG   detector: trk  box=(92,5,116,234)  이동=(+0,+0)  n=4
04:49:49 DEBUG   tracker: box=(150,122)/320x240  err=(-0.06,-0.02)  ff=(+0.0,+0.0)  d=(+0.0,+0.0)  now=(+10.8,-22.7)
04:49:49 DEBUG   detector: trk  box=(92,5,116,234)  이동=(+0,+0)  n=5
04:49:49 DEBUG   tracker: box=(150,122)/320x240  err=(-0.06,-0.02)  ff=(+0.0,+0.0)  d=(+0.0,+0.0)  now=(+10.8,-22.7)
04:49:49 DEBUG   detector: DET  box=(93,5,114,234)  검출 1개
04:49:49 DEBUG   tracker: box=(150,122)/320x240  err=(-0.06,-0.02)  ff=(+0.0,+0.0)  d=(+0.0,+0.0)  now=(+10.8,-22.7)
04:49:49 DEBUG   detector: trk  box=(93,5,114,234)  이동=(+0,+0)  n=1
04:49:49 DEBUG   tracker: box=(150,122)/320x240  err=(-0.06,-0.02)  ff=(+0.0,+0.0)  d=(+0.0,+0.0)  now=(+10.8,-22.7)
04:49:49 DEBUG   detector: trk  box=(93,5,114,234)  이동=(+0,+0)  n=2
04:49:49 DEBUG   tracker: box=(150,122)/320x240  err=(-0.06,-0.02)  ff=(+0.0,+0.0)  d=(+0.0,+0.0)  now=(+10.8,-22.7)
04:49:49 DEBUG   detector: trk  box=(93,5,114,234)  이동=(+0,+0)  n=3
04:49:49 DEBUG   tracker: box=(150,122)/320x240  err=(-0.06,-0.02)  ff=(+0.0,+0.0)  d=(+0.0,+0.0)  now=(+10.8,-22.7)
04:49:49 DEBUG   detector: trk  box=(93,5,114,234)  이동=(+0,+0)  n=4
04:49:49 DEBUG   tracker: box=(150,122)/320x240  err=(-0.06,-0.02)  ff=(+0.0,+0.0)  d=(+0.0,+0.0)  now=(+10.8,-22.7)
04:49:50 DEBUG   detector: trk  box=(93,5,114,234)  이동=(+0,+0)  n=5
04:49:50 DEBUG   tracker: box=(150,122)/320x240  err=(-0.06,-0.02)  ff=(+0.0,+0.0)  d=(+0.0,+0.0)  now=(+10.8,-22.7)
04:49:50 DEBUG   detector: DET  box=(93,5,115,234)  검출 1개
04:49:50 DEBUG   tracker: box=(150,122)/320x240  err=(-0.06,-0.02)  ff=(+0.0,+0.0)  d=(+0.0,+0.0)  now=(+10.8,-22.7)
04:49:50 DEBUG   detector: trk  box=(93,5,115,234)  이동=(+0,+0)  n=1
04:49:50 DEBUG   tracker: box=(150,122)/320x240  err=(-0.06,-0.02)  ff=(+0.0,+0.0)  d=(+0.0,+0.0)  now=(+10.8,-22.7)
04:49:50 DEBUG   detector: trk  box=(94,5,115,234)  이동=(+1,+0)  n=2
04:49:50 DEBUG   tracker: box=(152,122)/320x240  err=(-0.05,-0.02)  ff=(+0.0,+0.0)  d=(+0.0,+0.0)  now=(+10.8,-22.7)
04:49:50 DEBUG   detector: trk  box=(97,5,115,234)  이동=(+3,+0)  n=3
04:49:50 DEBUG   tracker: box=(154,122)/320x240  err=(-0.03,-0.02)  ff=(+0.0,+0.0)  d=(+0.0,+0.0)  now=(+10.8,-22.7)
04:49:50 DEBUG   detector: trk  box=(102,3,115,234)  이동=(+5,-2)  n=4
04:49:50 DEBUG   tracker: box=(160,120)/320x240  err=(-0.00,+0.00)  ff=(+0.0,+0.0)  d=(+0.0,+0.0)  now=(+10.8,-22.7)
04:49:50 DEBUG   detector: trk  box=(109,1,115,234)  이동=(+7,-2)  n=5
04:49:50 DEBUG   tracker: box=(166,118)/320x240  err=(+0.04,+0.02)  ff=(+0.0,+0.0)  d=(+0.0,+0.0)  now=(+10.8,-22.7)
04:49:51 DEBUG   detector: DET  box=(136,0,108,239)  검출 1개
04:49:51 DEBUG   tracker: box=(190,120)/320x240  err=(+0.19,+0.00)  ff=(+0.0,+0.0)  d=(+3.3,+0.0)  now=(+10.8,-22.7)
04:49:51 DEBUG   detector: trk  box=(136,0,108,239)  이동=(+0,+0)  n=1
04:49:51 DEBUG   tracker: box=(190,120)/320x240  err=(+0.09,+0.00)  ff=(+2.4,+0.0)  d=(+0.0,+0.0)  now=(+14.1,-22.7)
04:49:51 DEBUG   detector: trk  box=(134,0,108,236)  이동=(-2,-2)  n=2
04:49:51 DEBUG   tracker: box=(188,118)/320x240  err=(+0.15,+0.02)  ff=(+0.5,+0.0)  d=(+2.6,+0.0)  now=(+14.1,-22.7)
04:49:51 DEBUG   detector: trk  box=(126,0,108,237)  이동=(-8,+0)  n=3
04:49:51 DEBUG   tracker: box=(180,118)/320x240  err=(+0.06,+0.01)  ff=(+1.5,+0.0)  d=(+0.0,+0.0)  now=(+16.7,-22.7)
04:49:51 DEBUG   detector: trk  box=(126,0,108,236)  이동=(+0,-0)  n=4
04:49:51 DEBUG   tracker: box=(180,118)/320x240  err=(+0.11,+0.02)  ff=(+0.5,+0.0)  d=(+0.0,+0.0)  now=(+16.7,-22.7)
04:49:51 DEBUG   detector: trk  box=(112,0,108,239)  이동=(-14,+2)  n=5
04:49:51 DEBUG   tracker: box=(166,120)/320x240  err=(+0.04,+0.00)  ff=(+0.0,+0.0)  d=(+0.0,+0.0)  now=(+16.7,-22.7)
04:49:52 DEBUG   detector: DET  box=(127,0,103,239)  검출 1개
04:49:52 DEBUG   tracker: box=(178,120)/320x240  err=(+0.12,+0.00)  ff=(+0.0,+0.0)  d=(+0.0,+0.0)  now=(+16.7,-22.7)
04:49:52 DEBUG   detector: trk  box=(127,0,103,239)  이동=(+0,+0)  n=1
04:49:52 DEBUG   tracker: box=(178,120)/320x240  err=(+0.12,+0.00)  ff=(+0.0,+0.0)  d=(+0.0,+0.0)  now=(+16.7,-22.7)
04:49:52 DEBUG   detector: trk  box=(128,0,103,238)  이동=(+1,-0)  n=2
04:49:52 DEBUG   tracker: box=(180,119)/320x240  err=(+0.12,+0.01)  ff=(+0.0,+0.0)  d=(+2.0,+0.0)  now=(+16.7,-22.7)
04:49:52 DEBUG   detector: trk  box=(129,0,103,237)  이동=(+1,-0)  n=3
04:49:52 DEBUG   tracker: box=(180,118)/320x240  err=(+0.09,+0.01)  ff=(+0.8,+0.0)  d=(+0.0,+0.0)  now=(+18.7,-22.7)
04:49:52 DEBUG   detector: trk  box=(118,3,103,237)  이동=(-11,+3)  n=4
04:49:52 DEBUG   tracker: box=(170,122)/320x240  err=(+0.06,-0.01)  ff=(+0.0,+0.0)  d=(+0.0,+0.0)  now=(+18.7,-22.7)
04:49:52 DEBUG   detector: trk  box=(115,2,103,238)  이동=(-3,-0)  n=5
04:49:52 DEBUG   tracker: box=(166,121)/320x240  err=(+0.04,-0.01)  ff=(+0.0,+0.0)  d=(+0.0,+0.0)  now=(+18.7,-22.7)
04:49:53 DEBUG   detector: DET  box=(112,2,100,237)  검출 1개
04:49:53 DEBUG   tracker: box=(162,120)/320x240  err=(+0.01,-0.00)  ff=(+0.0,+0.0)  d=(+0.0,+0.0)  now=(+18.7,-22.7)
04:49:53 INFO    app: 6.8 fps | 타겟 있음 | pan=18.7 tilt=-22.7
04:49:53 DEBUG   detector: trk  box=(112,2,100,237)  이동=(+0,+0)  n=1
04:49:53 DEBUG   tracker: box=(162,120)/320x240  err=(+0.01,-0.00)  ff=(+0.0,+0.0)  d=(+0.0,+0.0)  now=(+18.7,-22.7)
04:49:53 DEBUG   detector: trk  box=(106,5,100,235)  이동=(-6,+2)  n=2
04:49:53 DEBUG   tracker: box=(156,122)/320x240  err=(-0.03,-0.02)  ff=(+0.0,+0.0)  d=(+0.0,+0.0)  now=(+18.7,-22.7)
04:49:53 DEBUG   detector: trk  box=(98,8,100,232)  이동=(-8,+2)  n=3
04:49:53 DEBUG   tracker: box=(148,124)/320x240  err=(-0.07,-0.03)  ff=(+0.0,+0.0)  d=(+0.0,+0.0)  now=(+18.7,-22.7)
04:49:53 DEBUG   detector: trk  box=(90,11,100,229)  이동=(-8,+2)  n=4
04:49:53 DEBUG   tracker: box=(140,126)/320x240  err=(-0.12,-0.05)  ff=(+0.0,+0.0)  d=(-2.9,+0.0)  now=(+18.7,-22.7)
04:49:53 DEBUG   detector: trk  box=(84,14,100,226)  이동=(-6,+2)  n=5
04:49:53 DEBUG   tracker: box=(134,127)/320x240  err=(-0.09,-0.06)  ff=(-1.8,+0.0)  d=(+0.0,+0.0)  now=(+15.8,-22.7)
04:49:53 DEBUG   detector: DET  box=(76,12,94,227)  검출 1개
04:49:53 DEBUG   tracker: box=(123,126)/320x240  err=(-0.23,-0.05)  ff=(+0.0,+0.0)  d=(-4.0,+0.0)  now=(+15.8,-22.7)
04:49:53 DEBUG   detector: trk  box=(76,12,94,227)  이동=(+0,+0)  n=1
04:49:53 DEBUG   tracker: box=(123,126)/320x240  err=(-0.11,-0.05)  ff=(-3.2,+0.0)  d=(+0.0,+0.0)  now=(+11.8,-22.7)
04:49:54 DEBUG   detector: trk  box=(92,7,94,227)  이동=(+16,-5)  n=2
04:49:54 DEBUG   tracker: box=(139,120)/320x240  err=(-0.08,-0.00)  ff=(-1.2,+0.0)  d=(+0.0,+0.0)  now=(+11.8,-22.7)
04:49:54 DEBUG   detector: trk  box=(94,8,94,227)  이동=(+2,+1)  n=3
04:49:54 DEBUG   tracker: box=(141,122)/320x240  err=(-0.12,-0.01)  ff=(+0.0,+0.0)  d=(+0.0,+0.0)  now=(+11.8,-22.7)
04:49:54 DEBUG   detector: trk  box=(90,11,94,227)  이동=(-4,+3)  n=4
04:49:54 DEBUG   tracker: box=(137,124)/320x240  err=(-0.14,-0.04)  ff=(+0.0,+0.0)  d=(-2.0,+0.0)  now=(+11.8,-22.7)
04:49:54 DEBUG   detector: trk  box=(86,14,94,226)  이동=(-4,+2)  n=5
04:49:54 DEBUG   tracker: box=(133,127)/320x240  err=(-0.12,-0.06)  ff=(-1.3,+0.0)  d=(+0.0,+0.0)  now=(+9.8,-22.7)
04:49:54 DEBUG   detector: DET  box=(87,14,84,225)  검출 1개
04:49:54 DEBUG   tracker: box=(129,126)/320x240  err=(-0.19,-0.05)  ff=(+0.0,+0.0)  d=(-3.9,+0.0)  now=(+9.8,-22.7)
04:49:54 DEBUG   detector: trk  box=(87,14,84,225)  이동=(+0,+0)  n=1
04:49:54 DEBUG   tracker: box=(129,126)/320x240  err=(-0.05,-0.05)  ff=(-3.6,+0.0)  d=(+0.0,+0.0)  now=(+5.9,-22.7)
04:49:54 DEBUG   detector: trk  box=(83,17,84,223)  이동=(-4,+2)  n=2
04:49:54 DEBUG   tracker: box=(125,128)/320x240  err=(-0.11,-0.07)  ff=(-2.7,+0.0)  d=(+0.0,+0.0)  now=(+5.9,-22.7)
04:49:54 DEBUG   detector: trk  box=(101,12,84,225)  이동=(+18,-4)  n=3
04:49:54 DEBUG   tracker: box=(143,124)/320x240  err=(-0.05,-0.04)  ff=(-1.4,+0.0)  d=(+0.0,+0.0)  now=(+5.9,-22.7)
04:49:55 DEBUG   detector: trk  box=(97,13,84,225)  이동=(-4,+1)  n=4
04:49:55 DEBUG   tracker: box=(139,126)/320x240  err=(-0.13,-0.05)  ff=(+0.0,+0.0)  d=(-1.8,+0.0)  now=(+5.9,-22.7)
04:49:55 DEBUG   detector: trk  box=(99,14,84,225)  이동=(+2,+1)  n=5
04:49:55 DEBUG   tracker: box=(141,126)/320x240  err=(-0.08,-0.05)  ff=(-1.0,+0.0)  d=(+0.0,+0.0)  now=(+4.2,-22.7)
04:49:55 DEBUG   detector: DET  box=(89,9,102,230)  검출 1개
04:49:55 DEBUG   tracker: box=(140,124)/320x240  err=(-0.12,-0.03)  ff=(+0.0,+0.0)  d=(-2.2,+0.0)  now=(+4.2,-22.7)
04:49:55 DEBUG   detector: trk  box=(89,9,102,230)  이동=(+0,+0)  n=1
04:49:55 DEBUG   tracker: box=(140,124)/320x240  err=(-0.05,-0.03)  ff=(-2.0,+0.0)  d=(+0.0,+0.0)  now=(+2.0,-22.7)
04:49:55 DEBUG   detector: trk  box=(93,9,102,230)  이동=(+4,+0)  n=2
04:49:55 DEBUG   tracker: box=(144,124)/320x240  err=(-0.06,-0.03)  ff=(-1.0,+0.0)  d=(+0.0,+0.0)  now=(+2.0,-22.7)
04:49:55 DEBUG   detector: trk  box=(95,9,102,230)  이동=(+2,+0)  n=3
04:49:55 DEBUG   tracker: box=(146,124)/320x240  err=(-0.09,-0.03)  ff=(-0.0,+0.0)  d=(+0.0,+0.0)  now=(+2.0,-22.7)
04:49:55 DEBUG   detector: trk  box=(91,11,102,229)  이동=(-4,+2)  n=4
04:49:55 DEBUG   tracker: box=(142,126)/320x240  err=(-0.11,-0.05)  ff=(+0.0,+0.0)  d=(+0.0,+0.0)  now=(+2.0,-22.7)
04:49:56 DEBUG   detector: trk  box=(89,11,102,229)  이동=(-2,+0)  n=5
04:49:56 DEBUG   tracker: box=(140,126)/320x240  err=(-0.12,-0.05)  ff=(+0.0,+0.0)  d=(-2.2,+0.0)  now=(+2.0,-22.7)
04:49:56 DEBUG   detector: DET  box=(66,21,84,218)  검출 1개
04:49:56 DEBUG   tracker: box=(108,130)/320x240  err=(-0.33,-0.08)  ff=(+0.0,+0.0)  d=(-4.0,+0.0)  now=(-0.3,-22.7)
04:49:56 DEBUG   detector: trk  box=(66,21,84,218)  이동=(+0,+0)  n=1
04:49:56 DEBUG   tracker: box=(108,130)/320x240  err=(-0.18,-0.08)  ff=(-3.6,+0.0)  d=(-3.3,+0.0)  now=(-4.3,-22.7)
04:49:56 DEBUG   detector: trk  box=(88,13,84,218)  이동=(+22,-8)  n=2
04:49:56 DEBUG   tracker: box=(130,122)/320x240  err=(-0.05,-0.02)  ff=(-3.4,+0.0)  d=(+0.0,+0.0)  now=(-7.6,-22.7)
04:49:56 DEBUG   detector: trk  box=(102,13,84,218)  이동=(+14,+0)  n=3
04:49:56 DEBUG   tracker: box=(144,122)/320x240  err=(-0.09,-0.02)  ff=(-0.3,+0.0)  d=(+0.0,+0.0)  now=(-7.6,-22.7)
04:49:56 DEBUG   detector: trk  box=(102,15,84,218)  이동=(+0,+2)  n=4
04:49:56 DEBUG   tracker: box=(144,124)/320x240  err=(-0.10,-0.03)  ff=(+0.0,+0.0)  d=(+0.0,+0.0)  now=(-7.6,-22.7)
04:49:56 DEBUG   detector: trk  box=(98,19,84,218)  이동=(-4,+4)  n=5
04:49:56 DEBUG   tracker: box=(140,128)/320x240  err=(-0.12,-0.07)  ff=(+0.0,+0.0)  d=(-1.1,+0.0)  now=(-7.6,-22.7)
04:49:57 DEBUG   detector: DET  box=(89,13,86,226)  검출 1개
04:49:57 DEBUG   tracker: box=(132,126)/320x240  err=(-0.17,-0.05)  ff=(-0.1,+0.0)  d=(-3.6,+0.0)  now=(-8.6,-22.7)
