21:47:38 DEBUG   detector: DET  box=(67,116,37,123)  검출 1개
21:47:38 DEBUG   tracker: box=(86,178)/320x240  err=(-0.47,-0.48)  ff=(+0.0,+0.0)  d=(-6.0,-6.0)  now=(+0.0,+0.0)
21:47:38 DEBUG   detector: trk  box=(67,116,37,123)  이동=(+0,+0)  n=1
21:47:38 DEBUG   tracker: box=(86,178)/320x240  err=(-0.29,-0.24)  ff=(-4.5,-4.5)  d=(-5.2,-3.4)  now=(-6.0,-6.0)
21:47:38 DEBUG   detector: trk  box=(66,115,37,123)  이동=(-1,-1)  n=2
21:47:38 DEBUG   tracker: box=(84,176)/320x240  err=(-0.16,-0.14)  ff=(-7.8,-6.3)  d=(-3.3,-1.5)  now=(-11.2,-9.4)
21:47:39 DEBUG   detector: DET  box=(157,60,46,165)  검출 1개
21:47:39 DEBUG   tracker: box=(180,142)/320x240  err=(+0.12,-0.19)  ff=(+0.0,+0.0)  d=(+2.2,-2.6)  now=(-14.4,-10.9)
21:47:39 DEBUG   detector: trk  box=(157,60,46,165)  이동=(+0,+0)  n=1
21:47:39 DEBUG   tracker: box=(180,142)/320x240  err=(+0.04,-0.05)  ff=(+2.2,-2.5)  d=(+0.0,+0.0)  now=(-12.2,-13.5)
21:47:39 DEBUG   detector: trk  box=(159,51,46,165)  이동=(+2,-9)  n=2
21:47:39 DEBUG   tracker: box=(182,134)/320x240  err=(+0.07,-0.01)  ff=(+1.6,-1.9)  d=(+0.0,+0.0)  now=(-12.2,-13.5)
21:47:39 DEBUG   detector: trk  box=(143,36,46,165)  이동=(-16,-15)  n=3
21:47:39 DEBUG   tracker: box=(166,118)/320x240  err=(+0.00,+0.06)  ff=(+0.8,-1.0)  d=(+0.0,+0.0)  now=(-12.2,-13.5)
21:47:39 DEBUG   detector: trk  box=(139,33,46,165)  이동=(-4,-3)  n=4
21:47:39 DEBUG   tracker: box=(162,116)/320x240  err=(+0.01,+0.04)  ff=(+0.0,+0.0)  d=(+0.0,+0.0)  now=(-12.2,-13.5)
21:47:39 DEBUG   detector: trk  box=(137,34,46,165)  이동=(-2,+1)  n=5
21:47:39 DEBUG   tracker: box=(160,116)/320x240  err=(+0.00,+0.03)  ff=(+0.0,+0.0)  d=(+0.0,+0.0)  now=(-12.2,-13.5)
21:47:39 DEBUG   detector: DET  box=(140,35,43,157)  검출 1개
21:47:39 DEBUG   tracker: box=(162,114)/320x240  err=(+0.01,+0.05)  ff=(+0.0,+0.0)  d=(+0.0,+0.0)  now=(-12.2,-13.5)
21:47:39 DEBUG   detector: trk  box=(140,35,43,157)  이동=(+0,+0)  n=1
21:47:39 DEBUG   tracker: box=(162,114)/320x240  err=(+0.01,+0.05)  ff=(+0.0,+0.0)  d=(+0.0,+0.0)  now=(-12.2,-13.5)
21:47:39 DEBUG   detector: trk  box=(139,36,43,157)  이동=(-1,+1)  n=2
21:47:39 DEBUG   tracker: box=(160,114)/320x240  err=(+0.00,+0.05)  ff=(+0.0,+0.0)  d=(+0.0,+0.0)  now=(-12.2,-13.5)
21:47:40 DEBUG   detector: trk  box=(138,35,43,157)  이동=(-1,-1)  n=3
21:47:40 DEBUG   tracker: box=(160,114)/320x240  err=(-0.00,+0.05)  ff=(+0.0,+0.0)  d=(+0.0,+0.0)  now=(-12.2,-13.5)
21:47:40 DEBUG   detector: trk  box=(139,36,43,157)  이동=(+1,+1)  n=4
21:47:40 DEBUG   tracker: box=(160,114)/320x240  err=(+0.00,+0.05)  ff=(+0.0,+0.0)  d=(+0.0,+0.0)  now=(-12.2,-13.5)
21:47:40 DEBUG   detector: trk  box=(138,35,43,157)  이동=(-1,-1)  n=5
21:47:40 DEBUG   tracker: box=(160,114)/320x240  err=(-0.00,+0.05)  ff=(+0.0,+0.0)  d=(+0.0,+0.0)  now=(-12.2,-13.5)
21:47:40 DEBUG   detector: DET  box=(141,36,43,160)  검출 1개
21:47:40 DEBUG   tracker: box=(162,116)/320x240  err=(+0.02,+0.03)  ff=(+0.0,+0.0)  d=(+0.0,+0.0)  now=(-12.2,-13.5)
21:47:40 DEBUG   detector: trk  box=(141,36,43,160)  이동=(+0,+0)  n=1
21:47:40 DEBUG   tracker: box=(162,116)/320x240  err=(+0.02,+0.03)  ff=(+0.0,+0.0)  d=(+0.0,+0.0)  now=(-12.2,-13.5)
21:47:40 DEBUG   detector: trk  box=(140,36,43,160)  이동=(-1,+0)  n=2
21:47:40 DEBUG   tracker: box=(162,116)/320x240  err=(+0.01,+0.03)  ff=(+0.0,+0.0)  d=(+0.0,+0.0)  now=(-12.2,-13.5)
21:47:40 DEBUG   detector: trk  box=(141,36,43,160)  이동=(+1,+0)  n=3
21:47:40 DEBUG   tracker: box=(162,116)/320x240  err=(+0.02,+0.03)  ff=(+0.0,+0.0)  d=(+0.0,+0.0)  now=(-12.2,-13.5)
21:47:40 DEBUG   detector: trk  box=(140,36,43,160)  이동=(-1,+0)  n=4
21:47:40 DEBUG   tracker: box=(162,116)/320x240  err=(+0.01,+0.03)  ff=(+0.0,+0.0)  d=(+0.0,+0.0)  now=(-12.2,-13.5)
21:47:41 DEBUG   detector: trk  box=(139,36,43,160)  이동=(-1,+0)  n=5
21:47:41 DEBUG   tracker: box=(160,116)/320x240  err=(+0.00,+0.03)  ff=(+0.0,+0.0)  d=(+0.0,+0.0)  now=(-12.2,-13.5)
21:47:41 DEBUG   detector: DET  box=(137,32,41,161)  검출 1개
21:47:41 DEBUG   tracker: box=(158,112)/320x240  err=(-0.02,+0.06)  ff=(+0.0,+0.0)  d=(+0.0,+0.0)  now=(-12.2,-13.5)
21:47:41 DEBUG   detector: trk  box=(137,32,41,161)  이동=(+0,+0)  n=1
21:47:41 DEBUG   tracker: box=(158,112)/320x240  err=(-0.02,+0.06)  ff=(+0.0,+0.0)  d=(+0.0,+0.0)  now=(-12.2,-13.5)
21:47:41 DEBUG   detector: trk  box=(138,33,41,161)  이동=(+1,+1)  n=2
21:47:41 DEBUG   tracker: box=(158,114)/320x240  err=(-0.01,+0.05)  ff=(+0.0,+0.0)  d=(+0.0,+0.0)  now=(-12.2,-13.5)
21:47:41 DEBUG   detector: trk  box=(137,34,41,161)  이동=(-1,+1)  n=3
21:47:41 DEBUG   tracker: box=(158,114)/320x240  err=(-0.02,+0.05)  ff=(+0.0,+0.0)  d=(+0.0,+0.0)  now=(-12.2,-13.5)
21:47:41 DEBUG   detector: trk  box=(138,33,41,161)  이동=(+1,-1)  n=4
21:47:41 DEBUG   tracker: box=(158,114)/320x240  err=(-0.01,+0.05)  ff=(+0.0,+0.0)  d=(+0.0,+0.0)  now=(-12.2,-13.5)
21:47:41 DEBUG   detector: trk  box=(137,34,41,161)  이동=(-1,+1)  n=5
21:47:41 DEBUG   tracker: box=(158,114)/320x240  err=(-0.02,+0.05)  ff=(+0.0,+0.0)  d=(+0.0,+0.0)  now=(-12.2,-13.5)
21:47:42 DEBUG   detector: DET  box=(127,26,51,180)  검출 1개
21:47:42 DEBUG   tracker: box=(152,116)/320x240  err=(-0.05,+0.03)  ff=(+0.0,+0.0)  d=(+0.0,+0.0)  now=(-12.2,-13.5)
21:47:42 DEBUG   detector: trk  box=(127,26,51,180)  이동=(+0,+0)  n=1
21:47:42 DEBUG   tracker: box=(152,116)/320x240  err=(-0.05,+0.03)  ff=(+0.0,+0.0)  d=(+0.0,+0.0)  now=(-12.2,-13.5)
21:47:42 DEBUG   detector: trk  box=(124,28,51,180)  이동=(-3,+2)  n=2
21:47:42 DEBUG   tracker: box=(150,118)/320x240  err=(-0.07,+0.02)  ff=(+0.0,+0.0)  d=(+0.0,+0.0)  now=(-12.2,-13.5)
21:47:42 DEBUG   detector: trk  box=(123,28,51,180)  이동=(-1,+0)  n=3
21:47:42 DEBUG   tracker: box=(148,118)/320x240  err=(-0.07,+0.02)  ff=(+0.0,+0.0)  d=(+0.0,+0.0)  now=(-12.2,-13.5)
21:47:42 DEBUG   detector: trk  box=(120,28,51,180)  이동=(-3,+0)  n=4
21:47:42 DEBUG   tracker: box=(146,118)/320x240  err=(-0.09,+0.02)  ff=(+0.0,+0.0)  d=(+0.0,+0.0)  now=(-12.2,-13.5)
21:47:42 DEBUG   detector: trk  box=(119,28,51,180)  이동=(-1,+0)  n=5
21:47:42 DEBUG   tracker: box=(144,118)/320x240  err=(-0.10,+0.02)  ff=(+0.0,+0.0)  d=(+0.0,+0.0)  now=(-12.2,-13.5)
21:47:42 DEBUG   detector: DET  box=(122,22,52,197)  검출 1개
21:47:42 DEBUG   tracker: box=(148,120)/320x240  err=(-0.07,-0.00)  ff=(+0.0,+0.0)  d=(+0.0,+0.0)  now=(-12.2,-13.5)
21:47:42 DEBUG   detector: trk  box=(122,22,52,197)  이동=(+0,+0)  n=1
21:47:42 DEBUG   tracker: box=(148,120)/320x240  err=(-0.07,-0.00)  ff=(+0.0,+0.0)  d=(+0.0,+0.0)  now=(-12.2,-13.5)
21:47:42 DEBUG   detector: trk  box=(124,21,52,197)  이동=(+2,-1)  n=2
21:47:42 DEBUG   tracker: box=(150,120)/320x240  err=(-0.06,+0.00)  ff=(+0.0,+0.0)  d=(+0.0,+0.0)  now=(-12.2,-13.5)
21:47:43 DEBUG   detector: trk  box=(124,20,52,197)  이동=(+0,-1)  n=3
21:47:43 DEBUG   tracker: box=(150,118)/320x240  err=(-0.06,+0.01)  ff=(+0.0,+0.0)  d=(+0.0,+0.0)  now=(-12.2,-13.5)
21:47:43 DEBUG   detector: trk  box=(124,21,52,197)  이동=(+0,+1)  n=4
21:47:43 DEBUG   tracker: box=(150,120)/320x240  err=(-0.06,+0.00)  ff=(+0.0,+0.0)  d=(+0.0,+0.0)  now=(-12.2,-13.5)
21:47:43 DEBUG   detector: trk  box=(122,22,52,197)  이동=(-2,+1)  n=5
21:47:43 DEBUG   tracker: box=(148,120)/320x240  err=(-0.07,-0.00)  ff=(+0.0,+0.0)  d=(+0.0,+0.0)  now=(-12.2,-13.5)
21:47:43 DEBUG   detector: DET  box=(112,14,62,217)  검출 1개
21:47:43 DEBUG   tracker: box=(143,122)/320x240  err=(-0.11,-0.02)  ff=(+0.0,+0.0)  d=(+0.0,+0.0)  now=(-12.2,-13.5)
21:47:43 DEBUG   detector: trk  box=(112,14,62,217)  이동=(+0,+0)  n=1
21:47:43 DEBUG   tracker: box=(143,122)/320x240  err=(-0.11,-0.02)  ff=(+0.0,+0.0)  d=(+0.0,+0.0)  now=(-12.2,-13.5)
21:47:43 DEBUG   detector: trk  box=(112,15,62,217)  이동=(+0,+1)  n=2
21:47:43 DEBUG   tracker: box=(143,124)/320x240  err=(-0.11,-0.03)  ff=(+0.0,+0.0)  d=(+0.0,+0.0)  now=(-12.2,-13.5)
21:47:43 DEBUG   detector: trk  box=(112,22,62,217)  이동=(+0,+7)  n=3
21:47:43 DEBUG   tracker: box=(143,130)/320x240  err=(-0.11,-0.09)  ff=(+0.0,+0.0)  d=(+0.0,+0.0)  now=(-12.2,-13.5)
21:47:43 DEBUG   detector: trk  box=(112,25,62,215)  이동=(+0,+2)  n=4
21:47:43 DEBUG   tracker: box=(143,132)/320x240  err=(-0.11,-0.10)  ff=(+0.0,+0.0)  d=(+0.0,+0.0)  now=(-12.2,-13.5)
21:47:44 DEBUG   detector: trk  box=(114,28,62,212)  이동=(+2,+2)  n=5
21:47:44 DEBUG   tracker: box=(145,134)/320x240  err=(-0.09,-0.12)  ff=(+0.0,+0.0)  d=(+0.0,+0.0)  now=(-12.2,-13.5)
21:47:44 DEBUG   detector: DET  box=(107,1,77,235)  검출 1개
21:47:44 DEBUG   tracker: box=(146,118)/320x240  err=(-0.09,+0.01)  ff=(+0.0,+0.0)  d=(+0.0,+0.0)  now=(-12.2,-13.5)
21:47:44 DEBUG   detector: trk  box=(107,1,77,235)  이동=(+0,+0)  n=1
21:47:44 DEBUG   tracker: box=(146,118)/320x240  err=(-0.09,+0.01)  ff=(+0.0,+0.0)  d=(+0.0,+0.0)  now=(-12.2,-13.5)
21:47:44 DEBUG   detector: trk  box=(106,8,77,232)  이동=(-1,+6)  n=2
21:47:44 DEBUG   tracker: box=(144,124)/320x240  err=(-0.10,-0.03)  ff=(+0.0,+0.0)  d=(+0.0,+0.0)  now=(-12.2,-13.5)
21:47:44 DEBUG   detector: trk  box=(105,9,77,231)  이동=(-1,+0)  n=3
21:47:44 DEBUG   tracker: box=(144,124)/320x240  err=(-0.10,-0.04)  ff=(+0.0,+0.0)  d=(+0.0,+0.0)  now=(-12.2,-13.5)
21:47:44 DEBUG   detector: trk  box=(106,14,77,226)  이동=(+1,+2)  n=4
21:47:44 DEBUG   tracker: box=(144,127)/320x240  err=(-0.10,-0.06)  ff=(+0.0,+0.0)  d=(+0.0,+0.0)  now=(-12.2,-13.5)
21:47:44 DEBUG   detector: trk  box=(111,23,77,217)  이동=(+5,+4)  n=5
21:47:44 DEBUG   tracker: box=(150,132)/320x240  err=(-0.07,-0.10)  ff=(+0.0,+0.0)  d=(+0.0,+0.0)  now=(-12.2,-13.5)
21:47:45 DEBUG   detector: DET  box=(112,1,95,238)  검출 1개
21:47:45 DEBUG   tracker: box=(160,120)/320x240  err=(-0.00,+0.00)  ff=(+0.0,+0.0)  d=(+0.0,+0.0)  now=(-12.2,-13.5)
21:47:45 DEBUG   detector: trk  box=(112,1,95,238)  이동=(+0,+0)  n=1
21:47:45 DEBUG   tracker: box=(160,120)/320x240  err=(-0.00,+0.00)  ff=(+0.0,+0.0)  d=(+0.0,+0.0)  now=(-12.2,-13.5)
21:47:45 DEBUG   detector: trk  box=(119,5,95,235)  이동=(+7,+2)  n=2
21:47:45 DEBUG   tracker: box=(166,122)/320x240  err=(+0.04,-0.02)  ff=(+0.0,+0.0)  d=(+0.0,+0.0)  now=(-12.2,-13.5)
21:47:45 DEBUG   detector: DET  box=(176,0,99,236)  검출 1개
21:47:45 DEBUG   tracker: box=(226,118)/320x240  err=(+0.41,+0.02)  ff=(+0.0,+0.0)  d=(+6.0,+0.0)  now=(-12.2,-13.5)
21:47:45 DEBUG   detector: trk  box=(176,0,99,236)  이동=(+0,+0)  n=1
21:47:45 DEBUG   tracker: box=(226,118)/320x240  err=(+0.20,+0.02)  ff=(+5.3,+0.0)  d=(+3.6,+0.0)  now=(-6.2,-13.5)
21:47:45 DEBUG   detector: trk  box=(187,4,99,236)  이동=(+11,+4)  n=2
21:47:45 DEBUG   tracker: box=(236,122)/320x240  err=(+0.30,-0.02)  ff=(+4.4,+0.0)  d=(+6.0,+0.0)  now=(-2.6,-13.5)
21:47:46 DEBUG   detector: trk  box=(150,0,99,228)  이동=(-37,-8)  n=3
21:47:46 DEBUG   tracker: box=(200,114)/320x240  err=(+0.02,+0.05)  ff=(+5.6,+0.0)  d=(+0.0,+0.0)  now=(+3.4,-13.5)
21:47:46 DEBUG   detector: trk  box=(119,0,99,224)  이동=(-31,-2)  n=4
21:47:46 DEBUG   tracker: box=(168,112)/320x240  err=(-0.01,+0.07)  ff=(+1.5,+0.0)  d=(+0.0,+0.0)  now=(+3.4,-13.5)
21:47:46 DEBUG   detector: DET  box=(156,0,90,235)  검출 1개
21:47:46 DEBUG   tracker: box=(201,118)/320x240  err=(+0.26,+0.02)  ff=(+0.0,+0.0)  d=(+3.3,+0.0)  now=(+3.4,-13.5)
21:47:46 DEBUG   detector: trk  box=(156,0,90,235)  이동=(+0,+0)  n=1
21:47:46 DEBUG   tracker: box=(201,118)/320x240  err=(+0.14,+0.02)  ff=(+3.0,+0.0)  d=(+2.4,+0.0)  now=(+6.7,-13.5)
21:47:46 DEBUG   detector: trk  box=(164,1,90,235)  이동=(+8,+1)  n=2
21:47:46 DEBUG   tracker: box=(209,118)/320x240  err=(+0.20,+0.01)  ff=(+2.8,+0.0)  d=(+4.6,+0.0)  now=(+9.1,-13.5)
21:47:46 DEBUG   detector: trk  box=(172,0,90,235)  이동=(+8,-1)  n=3
21:47:46 DEBUG   tracker: box=(217,118)/320x240  err=(+0.20,+0.02)  ff=(+3.9,+0.0)  d=(+5.1,+0.0)  now=(+13.7,-13.5)
21:47:47 DEBUG   detector: DET  box=(120,2,82,237)  검출 1개
21:47:47 DEBUG   tracker: box=(161,120)/320x240  err=(+0.01,-0.00)  ff=(+0.0,+0.0)  d=(+0.0,+0.0)  now=(+18.8,-13.5)
21:47:47 DEBUG   detector: trk  box=(120,2,82,237)  이동=(+0,+0)  n=1
21:47:47 DEBUG   tracker: box=(161,120)/320x240  err=(+0.01,-0.00)  ff=(+0.0,+0.0)  d=(+0.0,+0.0)  now=(+18.8,-13.5)
21:47:47 DEBUG   detector: trk  box=(128,3,82,237)  이동=(+8,+1)  n=2
21:47:47 DEBUG   tracker: box=(169,122)/320x240  err=(+0.06,-0.01)  ff=(+0.0,+0.0)  d=(+0.0,+0.0)  now=(+18.8,-13.5)
21:47:47 DEBUG   detector: trk  box=(136,4,82,236)  이동=(+8,+0)  n=3
21:47:47 DEBUG   tracker: box=(177,122)/320x240  err=(+0.11,-0.02)  ff=(+0.0,+0.0)  d=(+0.0,+0.0)  now=(+18.8,-13.5)
21:47:47 DEBUG   detector: trk  box=(142,5,82,235)  이동=(+6,+0)  n=4
21:47:47 DEBUG   tracker: box=(183,122)/320x240  err=(+0.14,-0.02)  ff=(+0.0,+0.0)  d=(+2.6,+0.0)  now=(+18.8,-13.5)
21:47:47 DEBUG   detector: trk  box=(144,8,82,232)  이동=(+2,+2)  n=5
21:47:47 DEBUG   tracker: box=(185,124)/320x240  err=(+0.10,-0.03)  ff=(+1.4,+0.0)  d=(+0.0,+0.0)  now=(+21.4,-13.5)
21:47:48 DEBUG   detector: DET  box=(170,0,105,236)  검출 1개
21:47:48 DEBUG   tracker: box=(222,118)/320x240  err=(+0.39,+0.02)  ff=(+0.0,+0.0)  d=(+6.0,+0.0)  now=(+21.4,-13.5)
21:47:48 DEBUG   detector: trk  box=(170,0,105,236)  이동=(+0,+0)  n=1
21:47:48 DEBUG   tracker: box=(222,118)/320x240  err=(+0.18,+0.02)  ff=(+5.2,+0.0)  d=(+3.3,+0.0)  now=(+27.4,-13.5)
21:47:48 DEBUG   detector: trk  box=(171,0,105,236)  이동=(+1,+0)  n=2
21:47:48 DEBUG   tracker: box=(224,118)/320x240  err=(+0.23,+0.02)  ff=(+4.1,+0.0)  d=(+4.3,+0.0)  now=(+30.7,-13.5)
21:47:48 DEBUG   detector: trk  box=(172,0,105,236)  이동=(+1,+0)  n=3
21:47:48 DEBUG   tracker: box=(224,118)/320x240  err=(+0.24,+0.02)  ff=(+4.0,+0.0)  d=(+4.6,+0.0)  now=(+35.0,-13.5)
21:47:48 DEBUG   detector: DET  box=(42,1,97,235)  검출 1개
21:47:48 DEBUG   tracker: box=(90,118)/320x240  err=(-0.43,+0.01)  ff=(+0.0,+0.0)  d=(-6.0,+0.0)  now=(+39.6,-13.5)
21:47:48 DEBUG   detector: trk  box=(42,1,97,235)  이동=(+0,+0)  n=1
21:47:48 DEBUG   tracker: box=(90,118)/320x240  err=(-0.24,+0.01)  ff=(-4.9,+0.0)  d=(-4.3,+0.0)  now=(+33.6,-13.5)
21:47:49 DEBUG   detector: trk  box=(75,14,97,226)  이동=(+33,+8)  n=2
21:47:49 DEBUG   tracker: box=(124,127)/320x240  err=(-0.09,-0.06)  ff=(-3.4,+0.0)  d=(+0.0,+0.0)  now=(+29.3,-13.5)
21:47:49 DEBUG   detector: trk  box=(102,21,97,219)  이동=(+27,+4)  n=3
21:47:49 DEBUG   tracker: box=(150,130)/320x240  err=(-0.04,-0.09)  ff=(-0.4,+0.0)  d=(+0.0,+0.0)  now=(+29.3,-13.5)
21:47:49 DEBUG   detector: trk  box=(105,18,97,222)  이동=(+3,-2)  n=4
21:47:49 DEBUG   tracker: box=(154,129)/320x240  err=(-0.04,-0.07)  ff=(+0.0,+0.0)  d=(+0.0,+0.0)  now=(+29.3,-13.5)
21:47:49 DEBUG   detector: trk  box=(110,19,97,221)  이동=(+5,+0)  n=5
21:47:49 DEBUG   tracker: box=(158,130)/320x240  err=(-0.01,-0.08)  ff=(+0.0,+0.0)  d=(+0.0,+0.0)  now=(+29.3,-13.5)
21:47:49 DEBUG   detector: DET  box=(110,16,94,222)  검출 1개
21:47:49 DEBUG   tracker: box=(157,127)/320x240  err=(-0.02,-0.06)  ff=(+0.0,+0.0)  d=(+0.0,+0.0)  now=(+29.3,-13.5)
21:47:49 DEBUG   detector: trk  box=(110,16,94,222)  이동=(+0,+0)  n=1
21:47:49 DEBUG   tracker: box=(157,127)/320x240  err=(-0.02,-0.06)  ff=(+0.0,+0.0)  d=(+0.0,+0.0)  now=(+29.3,-13.5)
21:47:49 DEBUG   detector: trk  box=(110,16,94,222)  이동=(+0,+0)  n=2
21:47:49 DEBUG   tracker: box=(157,127)/320x240  err=(-0.02,-0.06)  ff=(+0.0,+0.0)  d=(+0.0,+0.0)  now=(+29.3,-13.5)
21:47:49 DEBUG   detector: trk  box=(110,16,94,222)  이동=(+0,+0)  n=3
21:47:49 DEBUG   tracker: box=(157,127)/320x240  err=(-0.02,-0.06)  ff=(+0.0,+0.0)  d=(+0.0,+0.0)  now=(+29.3,-13.5)
21:47:50 DEBUG   detector: trk  box=(110,16,94,222)  이동=(+0,+0)  n=4
21:47:50 DEBUG   tracker: box=(157,127)/320x240  err=(-0.02,-0.06)  ff=(+0.0,+0.0)  d=(+0.0,+0.0)  now=(+29.3,-13.5)
21:47:50 DEBUG   detector: trk  box=(110,16,94,222)  이동=(+0,+0)  n=5
21:47:50 DEBUG   tracker: box=(157,127)/320x240  err=(-0.02,-0.06)  ff=(+0.0,+0.0)  d=(+0.0,+0.0)  now=(+29.3,-13.5)
21:47:50 DEBUG   detector: DET  box=(114,16,98,221)  검출 1개
21:47:50 DEBUG   tracker: box=(163,126)/320x240  err=(+0.02,-0.05)  ff=(+0.0,+0.0)  d=(+0.0,+0.0)  now=(+29.3,-13.5)
21:47:50 DEBUG   detector: trk  box=(114,16,98,221)  이동=(+0,+0)  n=1
21:47:50 DEBUG   tracker: box=(163,126)/320x240  err=(+0.02,-0.05)  ff=(+0.0,+0.0)  d=(+0.0,+0.0)  now=(+29.3,-13.5)
21:47:50 DEBUG   detector: trk  box=(114,15,98,221)  이동=(+0,-1)  n=2
21:47:50 DEBUG   tracker: box=(163,126)/320x240  err=(+0.02,-0.05)  ff=(+0.0,+0.0)  d=(+0.0,+0.0)  now=(+29.3,-13.5)
21:47:50 DEBUG   detector: trk  box=(114,16,98,221)  이동=(+0,+1)  n=3
21:47:50 DEBUG   tracker: box=(163,126)/320x240  err=(+0.02,-0.05)  ff=(+0.0,+0.0)  d=(+0.0,+0.0)  now=(+29.3,-13.5)
21:47:50 DEBUG   detector: trk  box=(114,15,98,221)  이동=(+0,-1)  n=4
21:47:50 DEBUG   tracker: box=(163,126)/320x240  err=(+0.02,-0.05)  ff=(+0.0,+0.0)  d=(+0.0,+0.0)  now=(+29.3,-13.5)
21:47:50 DEBUG   detector: trk  box=(112,16,98,221)  이동=(-2,+1)  n=5
21:47:50 DEBUG   tracker: box=(161,126)/320x240  err=(+0.01,-0.05)  ff=(+0.0,+0.0)  d=(+0.0,+0.0)  now=(+29.3,-13.5)
21:47:51 DEBUG   detector: DET  box=(105,16,99,221)  검출 1개
21:47:51 DEBUG   tracker: box=(154,126)/320x240  err=(-0.03,-0.05)  ff=(+0.0,+0.0)  d=(+0.0,+0.0)  now=(+29.3,-13.5)
21:47:51 DEBUG   detector: trk  box=(105,16,99,221)  이동=(+0,+0)  n=1
21:47:51 DEBUG   tracker: box=(154,126)/320x240  err=(-0.03,-0.05)  ff=(+0.0,+0.0)  d=(+0.0,+0.0)  now=(+29.3,-13.5)
21:47:51 DEBUG   detector: trk  box=(94,17,99,221)  이동=(-11,+1)  n=2
21:47:51 DEBUG   tracker: box=(144,128)/320x240  err=(-0.10,-0.06)  ff=(+0.0,+0.0)  d=(+0.0,+0.0)  now=(+29.3,-13.5)
21:47:51 DEBUG   detector: trk  box=(81,16,99,221)  이동=(-13,-1)  n=3
21:47:51 DEBUG   tracker: box=(130,126)/320x240  err=(-0.18,-0.05)  ff=(+0.0,+0.0)  d=(-3.0,+0.0)  now=(+29.3,-13.5)
21:47:51 DEBUG   detector: trk  box=(70,13,99,221)  이동=(-11,-3)  n=4
21:47:51 DEBUG   tracker: box=(120,124)/320x240  err=(-0.17,-0.03)  ff=(-2.0,+0.0)  d=(-5.2,+0.0)  now=(+26.3,-13.5)
21:47:51 DEBUG   detector: trk  box=(99,18,99,221)  이동=(+29,+5)  n=5
21:47:51 DEBUG   tracker: box=(148,128)/320x240  err=(+0.07,-0.07)  ff=(-3.5,+0.0)  d=(+0.0,+0.0)  now=(+21.1,-13.5)
21:47:51 DEBUG   detector: DET  box=(103,16,94,219)  검출 1개
21:47:51 DEBUG   tracker: box=(150,126)/320x240  err=(-0.06,-0.05)  ff=(+0.0,+0.0)  d=(+0.0,+0.0)  now=(+21.1,-13.5)
21:47:51 DEBUG   detector: trk  box=(103,16,94,219)  이동=(+0,+0)  n=1
21:47:51 DEBUG   tracker: box=(150,126)/320x240  err=(-0.06,-0.05)  ff=(+0.0,+0.0)  d=(+0.0,+0.0)  now=(+21.1,-13.5)
21:47:52 DEBUG   detector: trk  box=(97,17,94,219)  이동=(-6,+1)  n=2
21:47:52 DEBUG   tracker: box=(144,126)/320x240  err=(-0.10,-0.05)  ff=(+0.0,+0.0)  d=(+0.0,+0.0)  now=(+21.1,-13.5)
21:47:52 DEBUG   detector: trk  box=(93,16,94,219)  이동=(-4,-1)  n=3
21:47:52 DEBUG   tracker: box=(140,126)/320x240  err=(-0.12,-0.05)  ff=(+0.0,+0.0)  d=(-1.7,+0.0)  now=(+21.1,-13.5)
21:47:52 DEBUG   detector: trk  box=(81,13,94,219)  이동=(-12,-3)  n=4
21:47:52 DEBUG   tracker: box=(128,122)/320x240  err=(-0.16,-0.02)  ff=(-1.0,+0.0)  d=(-4.7,+0.0)  now=(+19.4,-13.5)
21:47:52 DEBUG   detector: trk  box=(81,12,94,219)  이동=(+0,-1)  n=5
21:47:52 DEBUG   tracker: box=(128,122)/320x240  err=(-0.09,-0.01)  ff=(-2.8,+0.0)  d=(+0.0,+0.0)  now=(+14.8,-13.5)
21:47:52 DEBUG   detector: DET  box=(69,15,72,224)  검출 1개
21:47:52 DEBUG   tracker: box=(105,127)/320x240  err=(-0.34,-0.06)  ff=(+0.0,+0.0)  d=(-6.0,+0.0)  now=(+14.8,-13.5)
21:47:52 DEBUG   detector: trk  box=(69,15,72,224)  이동=(+0,+0)  n=1
21:47:52 DEBUG   tracker: box=(105,127)/320x240  err=(-0.12,-0.06)  ff=(-5.7,+0.0)  d=(+0.0,+0.0)  now=(+8.8,-13.5)
21:47:52 DEBUG   detector: trk  box=(47,11,72,224)  이동=(-22,-4)  n=2
21:47:52 DEBUG   tracker: box=(83,123)/320x240  err=(-0.28,-0.03)  ff=(-5.1,+0.0)  d=(-6.0,+0.0)  now=(+8.8,-13.5)
21:47:53 DEBUG   detector: DET  box=(109,21,90,216)  검출 1개
21:47:53 DEBUG   tracker: box=(154,129)/320x240  err=(-0.04,-0.07)  ff=(+0.0,+0.0)  d=(+0.0,+0.0)  now=(+2.8,-13.5)
21:47:53 DEBUG   detector: trk  box=(109,21,90,216)  이동=(+0,+0)  n=1
21:47:53 DEBUG   tracker: box=(154,129)/320x240  err=(-0.04,-0.07)  ff=(+0.0,+0.0)  d=(+0.0,+0.0)  now=(+2.8,-13.5)
21:47:53 DEBUG   detector: trk  box=(103,21,90,216)  이동=(-6,+0)  n=2
21:47:53 DEBUG   tracker: box=(148,129)/320x240  err=(-0.07,-0.07)  ff=(+0.0,+0.0)  d=(+0.0,+0.0)  now=(+2.8,-13.5)
21:47:53 DEBUG   detector: trk  box=(101,21,90,216)  이동=(-2,+0)  n=3
21:47:53 DEBUG   tracker: box=(146,129)/320x240  err=(-0.09,-0.07)  ff=(+0.0,+0.0)  d=(+0.0,+0.0)  now=(+2.8,-13.5)
21:47:53 DEBUG   detector: trk  box=(101,21,90,216)  이동=(+0,+0)  n=4
21:47:53 DEBUG   tracker: box=(146,129)/320x240  err=(-0.09,-0.07)  ff=(+0.0,+0.0)  d=(+0.0,+0.0)  now=(+2.8,-13.5)
21:47:53 DEBUG   detector: trk  box=(101,21,90,216)  이동=(+0,+0)  n=5
21:47:53 DEBUG   tracker: box=(146,129)/320x240  err=(-0.09,-0.07)  ff=(+0.0,+0.0)  d=(+0.0,+0.0)  now=(+2.8,-13.5)
21:47:54 DEBUG   detector: DET  box=(109,21,91,216)  검출 1개
21:47:54 DEBUG   tracker: box=(154,129)/320x240  err=(-0.03,-0.07)  ff=(+0.0,+0.0)  d=(+0.0,+0.0)  now=(+2.8,-13.5)
21:47:54 DEBUG   detector: trk  box=(109,21,91,216)  이동=(+0,+0)  n=1
21:47:54 DEBUG   tracker: box=(154,129)/320x240  err=(-0.03,-0.07)  ff=(+0.0,+0.0)  d=(+0.0,+0.0)  now=(+2.8,-13.5)
21:47:54 DEBUG   detector: trk  box=(110,21,91,216)  이동=(+1,+0)  n=2
21:47:54 DEBUG   tracker: box=(156,129)/320x240  err=(-0.03,-0.07)  ff=(+0.0,+0.0)  d=(+0.0,+0.0)  now=(+2.8,-13.5)
21:47:54 DEBUG   detector: trk  box=(109,21,91,216)  이동=(-1,+0)  n=3
21:47:54 DEBUG   tracker: box=(154,129)/320x240  err=(-0.03,-0.07)  ff=(+0.0,+0.0)  d=(+0.0,+0.0)  now=(+2.8,-13.5)
21:47:54 DEBUG   detector: trk  box=(108,21,91,216)  이동=(-1,+0)  n=4
21:47:54 DEBUG   tracker: box=(154,129)/320x240  err=(-0.04,-0.07)  ff=(+0.0,+0.0)  d=(+0.0,+0.0)  now=(+2.8,-13.5)
21:47:54 DEBUG   detector: trk  box=(107,21,91,216)  이동=(-1,+0)  n=5
21:47:54 DEBUG   tracker: box=(152,129)/320x240  err=(-0.05,-0.07)  ff=(+0.0,+0.0)  d=(+0.0,+0.0)  now=(+2.8,-13.5)
21:47:54 DEBUG   detector: DET  box=(105,25,84,212)  검출 1개
21:47:54 DEBUG   tracker: box=(147,131)/320x240  err=(-0.08,-0.09)  ff=(+0.0,+0.0)  d=(+0.0,+0.0)  now=(+2.8,-13.5)
21:47:54 DEBUG   detector: trk  box=(105,25,84,212)  이동=(+0,+0)  n=1
21:47:54 DEBUG   tracker: box=(147,131)/320x240  err=(-0.08,-0.09)  ff=(+0.0,+0.0)  d=(+0.0,+0.0)  now=(+2.8,-13.5)
21:47:55 DEBUG   detector: trk  box=(99,25,84,212)  이동=(-6,+0)  n=2
21:47:55 DEBUG   tracker: box=(141,131)/320x240  err=(-0.12,-0.09)  ff=(+0.0,+0.0)  d=(+0.0,+0.0)  now=(+2.8,-13.5)
21:47:55 DEBUG   detector: trk  box=(93,27,84,212)  이동=(-6,+2)  n=3
21:47:55 DEBUG   tracker: box=(135,133)/320x240  err=(-0.16,-0.11)  ff=(+0.0,+0.0)  d=(-2.8,+0.0)  now=(+2.8,-13.5)
21:47:55 DEBUG   detector: trk  box=(81,29,84,211)  이동=(-12,+2)  n=4
21:47:55 DEBUG   tracker: box=(123,134)/320x240  err=(-0.17,-0.12)  ff=(-1.6,+0.0)  d=(-4.7,-1.7)  now=(-0.1,-13.5)
21:47:55 DEBUG   detector: trk  box=(77,19,84,212)  이동=(-4,-10)  n=5
21:47:55 DEBUG   tracker: box=(119,125)/320x240  err=(-0.14,+0.01)  ff=(-2.9,-0.9)  d=(-3.1,+0.0)  now=(-4.8,-15.2)
21:47:55 DEBUG   detector: DET  box=(58,9,83,228)  검출 1개
21:47:55 DEBUG   tracker: box=(100,123)/320x240  err=(-0.38,-0.03)  ff=(+0.0,+0.0)  d=(-6.0,+0.0)  now=(-7.9,-15.2)
21:47:55 DEBUG   detector: trk  box=(58,9,83,228)  이동=(+0,+0)  n=1
21:47:55 DEBUG   tracker: box=(100,123)/320x240  err=(-0.17,-0.03)  ff=(-5.1,+0.0)  d=(-3.1,+0.0)  now=(-13.9,-15.2)
21:47:56 DEBUG   detector: DET  box=(147,0,93,239)  검출 1개
21:47:56 DEBUG   tracker: box=(194,120)/320x240  err=(+0.21,+0.00)  ff=(+0.0,+0.0)  d=(+3.8,+0.0)  now=(-17.0,-15.2)
21:47:56 DEBUG   detector: trk  box=(147,0,93,239)  이동=(+0,+0)  n=1
21:47:56 DEBUG   tracker: box=(194,120)/320x240  err=(+0.09,+0.00)  ff=(+3.0,+0.0)  d=(+0.0,+0.0)  now=(-13.2,-15.2)
21:47:56 DEBUG   detector: trk  box=(146,1,93,239)  이동=(-1,+1)  n=2
21:47:56 DEBUG   tracker: box=(192,120)/320x240  err=(+0.15,-0.00)  ff=(+1.4,+0.0)  d=(+2.5,+0.0)  now=(-13.2,-15.2)
21:47:56 DEBUG   detector: trk  box=(137,0,93,237)  이동=(-9,-2)  n=3
21:47:56 DEBUG   tracker: box=(184,118)/320x240  err=(+0.09,+0.01)  ff=(+1.4,+0.0)  d=(+0.0,+0.0)  now=(-10.7,-15.2)
21:47:56 DEBUG   detector: trk  box=(128,0,93,238)  이동=(-9,+0)  n=4
21:47:56 DEBUG   tracker: box=(174,119)/320x240  err=(+0.07,+0.01)  ff=(+0.4,+0.0)  d=(+0.0,+0.0)  now=(-10.7,-15.2)
21:47:56 DEBUG   detector: trk  box=(107,0,93,235)  이동=(-21,-2)  n=5
21:47:56 DEBUG   tracker: box=(154,118)/320x240  err=(-0.04,+0.02)  ff=(+0.0,+0.0)  d=(+0.0,+0.0)  now=(-10.7,-15.2)
21:47:57 DEBUG   detector: DET  box=(105,1,93,236)  검출 1개
21:47:57 DEBUG   tracker: box=(152,119)/320x240  err=(-0.05,+0.01)  ff=(+0.0,+0.0)  d=(+0.0,+0.0)  now=(-10.7,-15.2)
21:47:57 DEBUG   detector: trk  box=(105,1,93,236)  이동=(+0,+0)  n=1
21:47:57 DEBUG   tracker: box=(152,119)/320x240  err=(-0.05,+0.01)  ff=(+0.0,+0.0)  d=(+0.0,+0.0)  now=(-10.7,-15.2)
21:47:57 DEBUG   detector: trk  box=(96,0,93,235)  이동=(-9,-2)  n=2
21:47:57 DEBUG   tracker: box=(142,118)/320x240  err=(-0.11,+0.02)  ff=(+0.0,+0.0)  d=(+0.0,+0.0)  now=(-10.7,-15.2)
21:47:57 DEBUG   detector: trk  box=(99,3,93,236)  이동=(+3,+4)  n=3
21:47:57 DEBUG   tracker: box=(146,121)/320x240  err=(-0.09,-0.01)  ff=(+0.0,+0.0)  d=(+0.0,+0.0)  now=(-10.7,-15.2)
21:47:57 DEBUG   detector: trk  box=(100,3,93,236)  이동=(+1,+0)  n=4
21:47:57 DEBUG   tracker: box=(146,121)/320x240  err=(-0.08,-0.01)  ff=(+0.0,+0.0)  d=(+0.0,+0.0)  now=(-10.7,-15.2)
21:47:57 DEBUG   detector: trk  box=(101,3,93,236)  이동=(+1,+0)  n=5
21:47:57 DEBUG   tracker: box=(148,121)/320x240  err=(-0.08,-0.01)  ff=(+0.0,+0.0)  d=(+0.0,+0.0)  now=(-10.7,-15.2)
21:47:57 DEBUG   detector: DET  box=(97,3,95,236)  검출 1개
21:47:57 DEBUG   tracker: box=(144,121)/320x240  err=(-0.10,-0.01)  ff=(+0.0,+0.0)  d=(+0.0,+0.0)  now=(-10.7,-15.2)
21:47:57 DEBUG   detector: trk  box=(97,3,95,236)  이동=(+0,+0)  n=1
21:47:57 DEBUG   tracker: box=(144,121)/320x240  err=(-0.10,-0.01)  ff=(+0.0,+0.0)  d=(+0.0,+0.0)  now=(-10.7,-15.2)
21:47:57 DEBUG   detector: trk  box=(98,3,95,236)  이동=(+1,+0)  n=2
21:47:57 DEBUG   tracker: box=(146,121)/320x240  err=(-0.09,-0.01)  ff=(+0.0,+0.0)  d=(+0.0,+0.0)  now=(-10.7,-15.2)
21:47:58 DEBUG   detector: trk  box=(99,3,95,236)  이동=(+1,+0)  n=3
21:47:58 DEBUG   tracker: box=(146,121)/320x240  err=(-0.08,-0.01)  ff=(+0.0,+0.0)  d=(+0.0,+0.0)  now=(-10.7,-15.2)
21:47:58 DEBUG   detector: trk  box=(98,3,95,236)  이동=(-1,+0)  n=4
21:47:58 DEBUG   tracker: box=(146,121)/320x240  err=(-0.09,-0.01)  ff=(+0.0,+0.0)  d=(+0.0,+0.0)  now=(-10.7,-15.2)
21:47:58 DEBUG   detector: trk  box=(99,3,95,236)  이동=(+1,+0)  n=5
21:47:58 DEBUG   tracker: box=(146,121)/320x240  err=(-0.08,-0.01)  ff=(+0.0,+0.0)  d=(+0.0,+0.0)  now=(-10.7,-15.2)
21:47:58 DEBUG   detector: DET  box=(98,3,94,236)  검출 1개
21:47:58 DEBUG   tracker: box=(145,121)/320x240  err=(-0.09,-0.01)  ff=(+0.0,+0.0)  d=(+0.0,+0.0)  now=(-10.7,-15.2)
